git diff once